#-----------------------------------------------------------
# Vivado v2024.1 (64-bit)
# SW Build 5076996 on Wed May 22 18:37:14 MDT 2024
# IP Build 5075265 on Wed May 22 21:45:21 MDT 2024
# SharedData Build 5076995 on Wed May 22 18:29:18 MDT 2024
# Start of session at: Sat Nov  9 23:26:20 2024
# Process ID: 2736
# Current directory: C:/Users/tomeu/Desktop/C/github/SED_BAF/TRABAJO
# Command line: vivado.exe -gui_launcher_event rodinguilauncherevent19684 C:\Users\tomeu\Desktop\C\github\SED_BAF\TRABAJO\TRABAJO.xpr
# Log file: C:/Users/tomeu/Desktop/C/github/SED_BAF/TRABAJO/vivado.log
# Journal file: C:/Users/tomeu/Desktop/C/github/SED_BAF/TRABAJO\vivado.jou
# Running On        :DESKTOP-49RGDTP
# Platform          :Windows Server 2016 or Windows 10
# Operating System  :19045
# Processor Detail  :AMD Ryzen 7 5800H with Radeon Graphics         
# CPU Frequency     :3194 MHz
# CPU Physical cores:8
# CPU Logical cores :16
# Host memory       :16479 MB
# Swap memory       :2550 MB
# Total Virtual     :19029 MB
# Available Virtual :7692 MB
#-----------------------------------------------------------
start_gui
open_project C:/Users/tomeu/Desktop/C/github/SED_BAF/TRABAJO/TRABAJO.xpr
close [ open C:/Users/tomeu/Desktop/C/github/SED_BAF/TRABAJO/TRABAJO.srcs/sources_1/new/CHANEL.vhd w ]
add_files C:/Users/tomeu/Desktop/C/github/SED_BAF/TRABAJO/TRABAJO.srcs/sources_1/new/CHANEL.vhd
update_compile_order -fileset sources_1
file mkdir C:/Users/tomeu/Desktop/C/github/SED_BAF/TRABAJO/TRABAJO.srcs/sim_1/new
set_property SOURCE_SET sources_1 [get_filesets sim_1]
close [ open C:/Users/tomeu/Desktop/C/github/SED_BAF/TRABAJO/TRABAJO.srcs/sim_1/new/CHANEL_tb.vhd w ]
add_files -fileset sim_1 C:/Users/tomeu/Desktop/C/github/SED_BAF/TRABAJO/TRABAJO.srcs/sim_1/new/CHANEL_tb.vhd
update_compile_order -fileset sim_1
launch_simulation
update_compile_order -fileset sim_1
launch_simulation
launch_simulation
source CHANEL_tb.tcl
close_sim
launch_simulation
source CHANEL_tb.tcl
close_sim
launch_simulation
source CHANEL_tb.tcl
set_property -name {xsim.simulate.runtime} -value {100ns} -objects [get_filesets sim_1]
close_sim
launch_simulation
source CHANEL_tb.tcl
close_sim
launch_simulation
source CHANEL_tb.tcl
run all
close_sim
launch_simulation
source CHANEL_tb.tcl
close_sim
launch_simulation
source CHANEL_tb.tcl
close_sim
launch_simulation
source CHANEL_tb.tcl
close_sim
launch_simulation
source CHANEL_tb.tcl
close_sim
launch_simulation
source CHANEL_tb.tcl
close_sim
launch_simulation
source CHANEL_tb.tcl
close_sim
launch_simulation
source CHANEL_tb.tcl
close_sim
launch_simulation
source CHANEL_tb.tcl
close_sim
launch_simulation
source CHANEL_tb.tcl
close_sim
launch_simulation
source CHANEL_tb.tcl
close_sim
launch_simulation
source CHANEL_tb.tcl
close_sim
launch_simulation
source CHANEL_tb.tcl
close_sim
launch_simulation
source CHANEL_tb.tcl
close_sim
launch_simulation
source CHANEL_tb.tcl
close_sim
launch_simulation
source CHANEL_tb.tcl
close_sim
launch_simulation
source CHANEL_tb.tcl
close_sim
launch_simulation
source CHANEL_tb.tcl
close_sim
launch_simulation
source CHANEL_tb.tcl
close_sim
launch_simulation
source CHANEL_tb.tcl
close_sim
launch_simulation
source CHANEL_tb.tcl
close_sim
launch_simulation
source CHANEL_tb.tcl
close_sim
launch_simulation
source CHANEL_tb.tcl
close_sim
launch_simulation
source CHANEL_tb.tcl
close_sim
launch_simulation
source CHANEL_tb.tcl
close_sim
launch_simulation
source CHANEL_tb.tcl
close_sim
launch_simulation
source CHANEL_tb.tcl
close_sim
launch_simulation
source CHANEL_tb.tcl
close_sim
launch_simulation
launch_simulation
close_project
