#-----------------------------------------------------------
# Vivado v2024.1.2 (64-bit)
# SW Build 5164865 on Thu Sep  5 14:37:11 MDT 2024
# IP Build 5164407 on Fri Sep  6 08:18:11 MDT 2024
# SharedData Build 5164864 on Thu Sep 05 13:09:09 MDT 2024
# Start of session at: Tue Dec 17 15:30:52 2024
# Process ID: 28572
# Current directory: C:/Users/Usuario/Documents/GitHub/SED_BAF/TRABAJO
# Command line: vivado.exe -gui_launcher_event rodinguilauncherevent20768 C:\Users\Usuario\Documents\GitHub\SED_BAF\TRABAJO\TRABAJO.xpr
# Log file: C:/Users/Usuario/Documents/GitHub/SED_BAF/TRABAJO/vivado.log
# Journal file: C:/Users/Usuario/Documents/GitHub/SED_BAF/TRABAJO\vivado.jou
# Running On        :DESKTOP-L6DDJ0H
# Platform          :Windows Server 2016 or Windows 10
# Operating System  :19045
# Processor Detail  :11th Gen Intel(R) Core(TM) i7-1165G7 @ 2.80GHz
# CPU Frequency     :2803 MHz
# CPU Physical cores:4
# CPU Logical cores :8
# Host memory       :16969 MB
# Swap memory       :18253 MB
# Total Virtual     :35223 MB
# Available Virtual :22574 MB
#-----------------------------------------------------------
start_gui
open_project C:/Users/Usuario/Documents/GitHub/SED_BAF/TRABAJO/TRABAJO.xpr
update_compile_order -fileset sources_1
launch_simulation
source tb_top_timer.tcl
close_sim
launch_simulation
source tb_top_timer.tcl
close_sim
launch_simulation
source tb_top_timer.tcl
close_sim
launch_simulation
source tb_top_timer.tcl
# Disabling source management mode.  This is to allow the top design properties to be set without GUI intervention.
set_property source_mgmt_mode None [current_project]
set_property top tb_counter [get_filesets sim_1]
set_property top_lib xil_defaultlib [get_filesets sim_1]
# Re-enabling previously disabled source management mode.
set_property source_mgmt_mode All [current_project]
update_compile_order -fileset sim_1
launch_simulation
launch_simulation
close_sim
launch_simulation
launch_simulation
source tb_counter.tcl
close_sim
launch_simulation
source tb_counter.tcl
close_sim
# Disabling source management mode.  This is to allow the top design properties to be set without GUI intervention.
set_property source_mgmt_mode None [current_project]
set_property top tb_top_timer [get_filesets sim_1]
set_property top_lib xil_defaultlib [get_filesets sim_1]
# Re-enabling previously disabled source management mode.
set_property source_mgmt_mode All [current_project]
update_compile_order -fileset sim_1
launch_simulation
source tb_top_timer.tcl
run all
close_sim
launch_simulation
source tb_top_timer.tcl
close_sim
launch_simulation
source tb_top_timer.tcl
close_sim
launch_simulation
source tb_top_timer.tcl
close_sim
launch_simulation
source tb_top_timer.tcl
run all
close_sim
launch_simulation
source tb_top_timer.tcl
run all
run all
run all
run all
run all
run all
run all
close_sim
launch_simulation
source tb_top_timer.tcl
run all
run all
close_sim
launch_simulation
source tb_top_timer.tcl
run 1 ms
run 1 ms
run 1 ms
run 20 ms
close_sim
launch_simulation
source tb_top_timer.tcl
close_sim
launch_simulation
source tb_top_timer.tcl
close_sim
launch_simulation
source tb_top_timer.tcl
close_sim
launch_simulation
source tb_top_timer.tcl
close_sim
launch_simulation
source tb_top_timer.tcl
close_sim
launch_simulation
source tb_top_timer.tcl
run 20 ms
close_sim
launch_simulation
source tb_top_timer.tcl
run 20 ms
close_sim
launch_simulation
source tb_top_timer.tcl
close_sim
launch_simulation
source tb_top_timer.tcl
close_sim
launch_simulation
source tb_top_timer.tcl
close_sim
launch_simulation
source tb_top_timer.tcl
