#-----------------------------------------------------------
# Vivado v2024.1 (64-bit)
# SW Build 5076996 on Wed May 22 18:37:14 MDT 2024
# IP Build 5075265 on Wed May 22 21:45:21 MDT 2024
# SharedData Build 5076995 on Wed May 22 18:29:18 MDT 2024
# Start of session at: Mon Dec 16 13:06:15 2024
# Process ID: 34904
# Current directory: C:/Users/tomeu/Desktop/C/github/SED_BAF/TRABAJO
# Command line: vivado.exe -gui_launcher_event rodinguilauncherevent30968 C:\Users\tomeu\Desktop\C\github\SED_BAF\TRABAJO\TRABAJO.xpr
# Log file: C:/Users/tomeu/Desktop/C/github/SED_BAF/TRABAJO/vivado.log
# Journal file: C:/Users/tomeu/Desktop/C/github/SED_BAF/TRABAJO\vivado.jou
# Running On        :DESKTOP-49RGDTP
# Platform          :Windows Server 2016 or Windows 10
# Operating System  :19045
# Processor Detail  :AMD Ryzen 7 5800H with Radeon Graphics         
# CPU Frequency     :3194 MHz
# CPU Physical cores:8
# CPU Logical cores :16
# Host memory       :16479 MB
# Swap memory       :6174 MB
# Total Virtual     :22653 MB
# Available Virtual :8957 MB
#-----------------------------------------------------------
start_gui
open_project C:/Users/tomeu/Desktop/C/github/SED_BAF/TRABAJO/TRABAJO.xpr
update_compile_order -fileset sources_1
set_property SOURCE_SET sources_1 [get_filesets sim_1]
close [ open C:/Users/tomeu/Desktop/C/github/SED_BAF/TRABAJO/TRABAJO.srcs/sim_1/new/TOP_tb.vhd w ]
add_files -fileset sim_1 C:/Users/tomeu/Desktop/C/github/SED_BAF/TRABAJO/TRABAJO.srcs/sim_1/new/TOP_tb.vhd
update_compile_order -fileset sim_1
# Disabling source management mode.  This is to allow the top design properties to be set without GUI intervention.
set_property source_mgmt_mode None [current_project]
set_property top TOP_tb [get_filesets sim_1]
set_property top_lib xil_defaultlib [get_filesets sim_1]
# Re-enabling previously disabled source management mode.
set_property source_mgmt_mode All [current_project]
update_compile_order -fileset sim_1
update_compile_order -fileset sim_1
