#-----------------------------------------------------------
# Vivado v2024.1 (64-bit)
# SW Build 5076996 on Wed May 22 18:37:14 MDT 2024
# IP Build 5075265 on Wed May 22 21:45:21 MDT 2024
# SharedData Build 5076995 on Wed May 22 18:29:18 MDT 2024
# Start of session at: Mon Dec 16 11:11:51 2024
# Process ID: 11844
# Current directory: C:/Users/ferni/OneDrive/Documentos/GitHub/SED_BAF/TRABAJO
# Command line: vivado.exe -gui_launcher_event rodinguilauncherevent27464 C:\Users\ferni\OneDrive\Documentos\GitHub\SED_BAF\TRABAJO\TRABAJO.xpr
# Log file: C:/Users/ferni/OneDrive/Documentos/GitHub/SED_BAF/TRABAJO/vivado.log
# Journal file: C:/Users/ferni/OneDrive/Documentos/GitHub/SED_BAF/TRABAJO\vivado.jou
# Running On        :LAPTOP-SHFQCREU
# Platform          :Windows Server 2016 or Windows 10
# Operating System  :22631
# Processor Detail  :Intel(R) Core(TM) i7-10870H CPU @ 2.20GHz
# CPU Frequency     :2208 MHz
# CPU Physical cores:8
# CPU Logical cores :16
# Host memory       :68493 MB
# Swap memory       :4294 MB
# Total Virtual     :72788 MB
# Available Virtual :58636 MB
#-----------------------------------------------------------
start_gui
open_project C:/Users/ferni/OneDrive/Documentos/GitHub/SED_BAF/TRABAJO/TRABAJO.xpr
update_compile_order -fileset sources_1
update_compile_order -fileset sources_1
launch_runs impl_1 -to_step write_bitstream -jobs 16
wait_on_run impl_1
reset_run synth_1
launch_runs impl_1 -to_step write_bitstream -jobs 16
wait_on_run impl_1
reset_run synth_1
launch_runs impl_1 -to_step write_bitstream -jobs 16
wait_on_run impl_1
reset_run synth_1
launch_runs impl_1 -to_step write_bitstream -jobs 16
wait_on_run impl_1
reset_run synth_1
launch_runs impl_1 -to_step write_bitstream -jobs 16
wait_on_run impl_1
reset_run synth_1
launch_runs synth_1 -jobs 16
wait_on_run synth_1
launch_runs impl_1 -jobs 16
wait_on_run impl_1
open_hw_manager
connect_hw_server -allow_non_jtag
open_hw_target
launch_runs impl_1 -to_step write_bitstream -jobs 16
wait_on_run impl_1
reset_run synth_1
launch_runs impl_1 -to_step write_bitstream -jobs 16
wait_on_run impl_1
disconnect_hw_server localhost:3121
connect_hw_server -allow_non_jtag
open_hw_target
reset_run impl_1 -prev_step 
launch_runs impl_1 -to_step write_bitstream -jobs 16
wait_on_run impl_1
reset_run impl_1 -prev_step 
launch_runs impl_1 -to_step write_bitstream -jobs 16
wait_on_run impl_1
set_property STEPS.WRITE_BITSTREAM.ARGS.BIN_FILE true [get_runs impl_1]
open_run synth_1 -name synth_1
startgroup
set_property BITSTREAM.GENERAL.COMPRESS TRUE [get_designs synth_1]
set_property BITSTREAM.CONFIG.CONFIGRATE 33 [get_designs synth_1]
set_property config_mode SPIx4 [current_design]
endgroup
set_property target_constrs_file C:/Users/ferni/OneDrive/Documentos/GitHub/SED_BAF/TRABAJO/TRABAJO.srcs/constrs_1/imports/Vivado/Nexys-4-DDR-Master.xdc [current_fileset -constrset]
save_constraints -force
reset_run impl_1
launch_runs impl_1 -to_step write_bitstream -jobs 16
wait_on_run impl_1
