#-----------------------------------------------------------
# Vivado v2024.1 (64-bit)
# SW Build 5076996 on Wed May 22 18:37:14 MDT 2024
# IP Build 5075265 on Wed May 22 21:45:21 MDT 2024
# SharedData Build 5076995 on Wed May 22 18:29:18 MDT 2024
# Start of session at: Thu Dec 19 12:11:12 2024
# Process ID: 26580
# Current directory: C:/Users/tomeu/Desktop/C/github/SED_BAF/TRABAJO
# Command line: vivado.exe -gui_launcher_event rodinguilauncherevent25772 C:\Users\tomeu\Desktop\C\github\SED_BAF\TRABAJO\TRABAJO.xpr
# Log file: C:/Users/tomeu/Desktop/C/github/SED_BAF/TRABAJO/vivado.log
# Journal file: C:/Users/tomeu/Desktop/C/github/SED_BAF/TRABAJO\vivado.jou
# Running On        :DESKTOP-49RGDTP
# Platform          :Windows Server 2016 or Windows 10
# Operating System  :19045
# Processor Detail  :AMD Ryzen 7 5800H with Radeon Graphics         
# CPU Frequency     :3194 MHz
# CPU Physical cores:8
# CPU Logical cores :16
# Host memory       :16479 MB
# Swap memory       :6174 MB
# Total Virtual     :22653 MB
# Available Virtual :8938 MB
#-----------------------------------------------------------
start_gui
open_project C:/Users/tomeu/Desktop/C/github/SED_BAF/TRABAJO/TRABAJO.xpr
update_compile_order -fileset sources_1
