#-----------------------------------------------------------
# Vivado v2024.1 (64-bit)
# SW Build 5076996 on Wed May 22 18:37:14 MDT 2024
# IP Build 5075265 on Wed May 22 21:45:21 MDT 2024
# SharedData Build 5076995 on Wed May 22 18:29:18 MDT 2024
# Start of session at: Wed Dec 18 11:48:02 2024
# Process ID: 4604
# Current directory: C:/Users/tomeu/Desktop/C/github/SED_BAF/TRABAJO/TRABAJO.runs/impl_1
# Command line: vivado.exe -log SUPER_TOP.vdi -applog -product Vivado -messageDb vivado.pb -mode batch -source SUPER_TOP.tcl -notrace
# Log file: C:/Users/tomeu/Desktop/C/github/SED_BAF/TRABAJO/TRABAJO.runs/impl_1/SUPER_TOP.vdi
# Journal file: C:/Users/tomeu/Desktop/C/github/SED_BAF/TRABAJO/TRABAJO.runs/impl_1\vivado.jou
# Running On        :DESKTOP-49RGDTP
# Platform          :Windows Server 2016 or Windows 10
# Operating System  :19045
# Processor Detail  :AMD Ryzen 7 5800H with Radeon Graphics         
# CPU Frequency     :3194 MHz
# CPU Physical cores:8
# CPU Logical cores :16
# Host memory       :16479 MB
# Swap memory       :6174 MB
# Total Virtual     :22653 MB
# Available Virtual :8992 MB
#-----------------------------------------------------------
source SUPER_TOP.tcl -notrace
